/Users/9lives/Documents/GitHub/Xcode/SignalVault/SignalVault/ContentView.swift:157:42: error: cannot call value of non-function type 'Binding<Subject>'
/Users/9lives/Documents/GitHub/Xcode/SignalVault/SignalVault/ContentView.swift:157:42: error: value of type 'MarketChartViewModel' has no dynamic member 'updateRegime' using key path from root type 'MarketChartViewModel'
/Users/9lives/Documents/GitHub/Xcode/SignalVault/SignalVault/ContentView.swift:157:27: error: referencing subscript 'subscript(dynamicMember:)' requires wrapper 'Binding<MarketChartViewModel>'
