Command line invocation:
    /Applications/Xcode.app/Contents/Developer/usr/bin/xcodebuild -scheme SignalVault -destination "generic/platform=iOS Simulator" build

2026-01-06 13:18:41.898 xcodebuild[55843:19734491] [MT] IDERunDestination: Supported platforms for the buildables in the current scheme is empty.
ComputePackagePrebuildTargetDependencyGraph

Prepare packages

CreateBuildRequest

SendProjectDescription

CreateBuildOperation

ComputeTargetDependencyGraph
note: Building targets in dependency order
note: Target dependency graph (1 target)
    Target 'SignalVault' in project 'SignalVault' (no dependencies)

GatherProvisioningInputs

CreateBuildDescription

ExecuteExternalTool /Applications/Xcode.app/Contents/Developer/Toolchains/XcodeDefault.xctoolchain/usr/bin/clang -v -E -dM -isysroot /Applications/Xcode.app/Contents/Developer/Platforms/iPhoneSimulator.platform/Developer/SDKs/iPhoneSimulator26.2.sdk -x c -c /dev/null

ExecuteExternalTool /Applications/Xcode.app/Contents/Developer/usr/bin/actool --print-asset-tag-combinations --output-format xml1 /Users/9lives/Documents/GitHub/Xcode/SignalVault/SignalVault/Assets.xcassets

ExecuteExternalTool /Applications/Xcode.app/Contents/Developer/usr/bin/actool --version --output-format xml1

ExecuteExternalTool /Applications/Xcode.app/Contents/Developer/Toolchains/XcodeDefault.xctoolchain/usr/bin/swiftc --version

ExecuteExternalTool /Applications/Xcode.app/Contents/Developer/Toolchains/XcodeDefault.xctoolchain/usr/bin/ld -version_details

Build description signature: 0274e15dc5ec2e978ca4a2dabed16a70
Build description path: /Users/9lives/Library/Developer/Xcode/DerivedData/SignalVault-dodbjgflfhsjnfeecvceoukugsty/Build/Intermediates.noindex/XCBuildData/0274e15dc5ec2e978ca4a2dabed16a70.xcbuilddata
ClangStatCache /Applications/Xcode.app/Contents/Developer/Toolchains/XcodeDefault.xctoolchain/usr/bin/clang-stat-cache /Applications/Xcode.app/Contents/Developer/Platforms/iPhoneSimulator.platform/Developer/SDKs/iPhoneSimulator26.2.sdk /Users/9lives/Library/Developer/Xcode/DerivedData/SDKStatCaches.noindex/iphonesimulator26.2-23C53-7d00a8b37fbd7999ea79df8ebc024bf0.sdkstatcache
    cd /Users/9lives/Documents/GitHub/Xcode/SignalVault/SignalVault.xcodeproj
    /Applications/Xcode.app/Contents/Developer/Toolchains/XcodeDefault.xctoolchain/usr/bin/clang-stat-cache /Applications/Xcode.app/Contents/Developer/Platforms/iPhoneSimulator.platform/Developer/SDKs/iPhoneSimulator26.2.sdk -o /Users/9lives/Library/Developer/Xcode/DerivedData/SDKStatCaches.noindex/iphonesimulator26.2-23C53-7d00a8b37fbd7999ea79df8ebc024bf0.sdkstatcache

ProcessInfoPlistFile /Users/9lives/Library/Developer/Xcode/DerivedData/SignalVault-dodbjgflfhsjnfeecvceoukugsty/Build/Products/Debug-iphonesimulator/SignalVault.app/Info.plist /Users/9lives/Documents/GitHub/Xcode/SignalVault/SignalVault/Info.plist (in target 'SignalVault' from project 'SignalVault')
    cd /Users/9lives/Documents/GitHub/Xcode/SignalVault
    builtin-infoPlistUtility /Users/9lives/Documents/GitHub/Xcode/SignalVault/SignalVault/Info.plist -producttype com.apple.product-type.application -genpkginfo /Users/9lives/Library/Developer/Xcode/DerivedData/SignalVault-dodbjgflfhsjnfeecvceoukugsty/Build/Products/Debug-iphonesimulator/SignalVault.app/PkgInfo -expandbuildsettings -format binary -platform iphonesimulator -additionalcontentfile /Users/9lives/Library/Developer/Xcode/DerivedData/SignalVault-dodbjgflfhsjnfeecvceoukugsty/Build/Intermediates.noindex/SignalVault.build/Debug-iphonesimulator/SignalVault.build/assetcatalog_generated_info.plist -o /Users/9lives/Library/Developer/Xcode/DerivedData/SignalVault-dodbjgflfhsjnfeecvceoukugsty/Build/Products/Debug-iphonesimulator/SignalVault.app/Info.plist

CopySwiftLibs /Users/9lives/Library/Developer/Xcode/DerivedData/SignalVault-dodbjgflfhsjnfeecvceoukugsty/Build/Products/Debug-iphonesimulator/SignalVault.app (in target 'SignalVault' from project 'SignalVault')
    cd /Users/9lives/Documents/GitHub/Xcode/SignalVault
    builtin-swiftStdLibTool --copy --verbose --sign - --scan-executable /Users/9lives/Library/Developer/Xcode/DerivedData/SignalVault-dodbjgflfhsjnfeecvceoukugsty/Build/Products/Debug-iphonesimulator/SignalVault.app/SignalVault.debug.dylib --scan-folder /Users/9lives/Library/Developer/Xcode/DerivedData/SignalVault-dodbjgflfhsjnfeecvceoukugsty/Build/Products/Debug-iphonesimulator/SignalVault.app/Frameworks --scan-folder /Users/9lives/Library/Developer/Xcode/DerivedData/SignalVault-dodbjgflfhsjnfeecvceoukugsty/Build/Products/Debug-iphonesimulator/SignalVault.app/PlugIns --scan-folder /Users/9lives/Library/Developer/Xcode/DerivedData/SignalVault-dodbjgflfhsjnfeecvceoukugsty/Build/Products/Debug-iphonesimulator/SignalVault.app/SystemExtensions --scan-folder /Users/9lives/Library/Developer/Xcode/DerivedData/SignalVault-dodbjgflfhsjnfeecvceoukugsty/Build/Products/Debug-iphonesimulator/SignalVault.app/Extensions --platform iphonesimulator --toolchain /Applications/Xcode.app/Contents/Developer/Toolchains/XcodeDefault.xctoolchain --destination /Users/9lives/Library/Developer/Xcode/DerivedData/SignalVault-dodbjgflfhsjnfeecvceoukugsty/Build/Products/Debug-iphonesimulator/SignalVault.app/Frameworks --strip-bitcode --strip-bitcode-tool /Applications/Xcode.app/Contents/Developer/Toolchains/XcodeDefault.xctoolchain/usr/bin/bitcode_strip --emit-dependency-info /Users/9lives/Library/Developer/Xcode/DerivedData/SignalVault-dodbjgflfhsjnfeecvceoukugsty/Build/Intermediates.noindex/SignalVault.build/Debug-iphonesimulator/SignalVault.build/SwiftStdLibToolInputDependencies.dep --filter-for-swift-os

** BUILD SUCCEEDED **

